1771927582.764662 [0] pt_main_th: config: Domain/General/MulticastRecvNetworkInterfaceAddresses/#text: preferred {}
1771927582.764683 [0] pt_main_th: config: Domain/General/Interfaces/NetworkInterface[@autodetermine]: false {}
1771927582.764685 [0] pt_main_th: config: Domain/General/Interfaces/NetworkInterface[@name]: enx9c69d31ecd9b {0}
1771927582.764687 [0] pt_main_th: config: Domain/General/Interfaces/NetworkInterface[@address]:  {}
1771927582.764688 [0] pt_main_th: config: Domain/General/Interfaces/NetworkInterface[@priority]: default {0}
1771927582.764690 [0] pt_main_th: config: Domain/General/Interfaces/NetworkInterface[@prefer_multicast]: false {}
1771927582.764692 [0] pt_main_th: config: Domain/General/Interfaces/NetworkInterface[@presence_required]: true {}
1771927582.764693 [0] pt_main_th: config: Domain/General/Interfaces/NetworkInterface[@multicast]: default {0}
1771927582.764695 [0] pt_main_th: config: Domain/General/ExternalNetworkAddress/#text: auto {}
1771927582.764696 [0] pt_main_th: config: Domain/General/ExternalNetworkMask/#text: 0.0.0.0 {}
1771927582.764698 [0] pt_main_th: config: Domain/General/AllowMulticast/#text: default {}
1771927582.764699 [0] pt_main_th: config: Domain/General/MulticastTimeToLive/#text: 32 {}
1771927582.764701 [0] pt_main_th: config: Domain/General/DontRoute/#text: false {}
1771927582.764703 [0] pt_main_th: config: Domain/General/Transport/#text: udp {}
1771927582.764704 [0] pt_main_th: config: Domain/General/EnableMulticastLoopback/#text: true {}
1771927582.764706 [0] pt_main_th: config: Domain/General/MaxMessageSize/#text: 14720 B {}
1771927582.764708 [0] pt_main_th: config: Domain/General/MaxRexmitMessageSize/#text: 1456 B {}
1771927582.764709 [0] pt_main_th: config: Domain/General/FragmentSize/#text: 1344 B {}
1771927582.764711 [0] pt_main_th: config: Domain/General/RedundantNetworking/#text: false {}
1771927582.764712 [0] pt_main_th: config: Domain/General/EntityAutoNaming/#text: empty {}
1771927582.764714 [0] pt_main_th: config: Domain/General/EntityAutoNaming[@seed]: 102971488 1637279619 2779008304 679836234 1153195371 2346268737 2042558411 961954484 {}
1771927582.764717 [0] pt_main_th: config: Domain/Sizing/ReceiveBufferSize/#text: 1 MiB {}
1771927582.764718 [0] pt_main_th: config: Domain/Sizing/ReceiveBufferChunkSize/#text: 128 KiB {}
1771927582.764720 [0] pt_main_th: config: Domain/Compatibility/StandardsConformance/#text: lax {}
1771927582.764722 [0] pt_main_th: config: Domain/Compatibility/ExplicitlyPublishQosSetToDefault/#text: false {}
1771927582.764723 [0] pt_main_th: config: Domain/Compatibility/ManySocketsMode/#text: single {}
1771927582.764725 [0] pt_main_th: config: Domain/Compatibility/AssumeRtiHasPmdEndpoints/#text: false {}
1771927582.764726 [0] pt_main_th: config: Domain/Discovery/Tag/#text:  {}
1771927582.764728 [0] pt_main_th: config: Domain/Discovery/ExternalDomainId/#text: 0 {}
1771927582.764729 [0] pt_main_th: config: Domain/Discovery/DSGracePeriod/#text: 30 s {}
1771927582.764731 [0] pt_main_th: config: Domain/Discovery/ParticipantIndex/#text: none {}
1771927582.764733 [0] pt_main_th: config: Domain/Discovery/MaxAutoParticipantIndex/#text: 9 {}
1771927582.764734 [0] pt_main_th: config: Domain/Discovery/SPDPMulticastAddress/#text: 239.255.0.1 {}
1771927582.764735 [0] pt_main_th: config: Domain/Discovery/SPDPInterval/#text: 30 s {}
1771927582.764737 [0] pt_main_th: config: Domain/Discovery/DefaultMulticastAddress/#text: auto {}
1771927582.764738 [0] pt_main_th: config: Domain/Discovery/Ports/Base/#text: 7400 {}
1771927582.764739 [0] pt_main_th: config: Domain/Discovery/Ports/DomainGain/#text: 250 {}
1771927582.764741 [0] pt_main_th: config: Domain/Discovery/Ports/ParticipantGain/#text: 2 {}
1771927582.764742 [0] pt_main_th: config: Domain/Discovery/Ports/MulticastMetaOffset/#text: 0 {}
1771927582.764744 [0] pt_main_th: config: Domain/Discovery/Ports/UnicastMetaOffset/#text: 10 {}
1771927582.764745 [0] pt_main_th: config: Domain/Discovery/Ports/MulticastDataOffset/#text: 1 {}
1771927582.764747 [0] pt_main_th: config: Domain/Discovery/Ports/UnicastDataOffset/#text: 11 {}
1771927582.764751 [0] pt_main_th: config: Domain/Discovery/EnableTopicDiscoveryEndpoints/#text: false {}
1771927582.764752 [0] pt_main_th: config: Domain/Discovery/LeaseDuration/#text: 10 s {}
1771927582.764756 [0] pt_main_th: config: Domain/Tracing/Category/#text: fatal,error,warning,info,config {0}
1771927582.764757 [0] pt_main_th: config: Domain/Tracing/OutputFile/#text: /home/rss/xr_teleoperate/teleop/cdds.LOG {0}
1771927582.764758 [0] pt_main_th: config: Domain/Tracing/AppendToFile/#text: false {}
1771927582.764759 [0] pt_main_th: config: Domain/Tracing/PacketCaptureFile/#text:  {}
1771927582.764760 [0] pt_main_th: config: Domain/Internal/DeliveryQueueMaxSamples/#text: 256 {}
1771927582.764761 [0] pt_main_th: config: Domain/Internal/PrimaryReorderMaxSamples/#text: 128 {}
1771927582.764762 [0] pt_main_th: config: Domain/Internal/SecondaryReorderMaxSamples/#text: 128 {}
1771927582.764763 [0] pt_main_th: config: Domain/Internal/DefragUnreliableMaxSamples/#text: 4 {}
1771927582.764764 [0] pt_main_th: config: Domain/Internal/DefragReliableMaxSamples/#text: 16 {}
1771927582.764765 [0] pt_main_th: config: Domain/Internal/BuiltinEndpointSet/#text: writers {}
1771927582.764766 [0] pt_main_th: config: Domain/Internal/MeasureHbToAckLatency/#text: false {}
1771927582.764767 [0] pt_main_th: config: Domain/Internal/UnicastResponseToSPDPMessages/#text: true {}
1771927582.764768 [0] pt_main_th: config: Domain/Internal/SynchronousDeliveryPriorityThreshold/#text: 0 {}
1771927582.764769 [0] pt_main_th: config: Domain/Internal/SynchronousDeliveryLatencyBound/#text: inf {}
1771927582.764770 [0] pt_main_th: config: Domain/Internal/MaxParticipants/#text: 0 {}
1771927582.764771 [0] pt_main_th: config: Domain/Internal/AccelerateRexmitBlockSize/#text: 0 {}
1771927582.764773 [0] pt_main_th: config: Domain/Internal/RetransmitMerging/#text: never {}
1771927582.764774 [0] pt_main_th: config: Domain/Internal/RetransmitMergingPeriod/#text: 5 ms {}
1771927582.764775 [0] pt_main_th: config: Domain/Internal/HeartbeatInterval/#text: 100 ms {}
1771927582.764776 [0] pt_main_th: config: Domain/Internal/HeartbeatInterval[@min]: 5 ms {}
1771927582.764777 [0] pt_main_th: config: Domain/Internal/HeartbeatInterval[@minsched]: 20 ms {}
1771927582.764778 [0] pt_main_th: config: Domain/Internal/HeartbeatInterval[@max]: 8 s {}
1771927582.764779 [0] pt_main_th: config: Domain/Internal/MaxQueuedRexmitBytes/#text: 512 KiB {}
1771927582.764780 [0] pt_main_th: config: Domain/Internal/MaxQueuedRexmitMessages/#text: 200 {}
1771927582.764781 [0] pt_main_th: config: Domain/Internal/WriterLingerDuration/#text: 1 s {}
1771927582.764782 [0] pt_main_th: config: Domain/Internal/SocketReceiveBufferSize[@min]: default {}
1771927582.764783 [0] pt_main_th: config: Domain/Internal/SocketReceiveBufferSize[@max]: default {}
1771927582.764784 [0] pt_main_th: config: Domain/Internal/SocketSendBufferSize[@min]: 64 KiB {}
1771927582.764785 [0] pt_main_th: config: Domain/Internal/SocketSendBufferSize[@max]: default {}
1771927582.764787 [0] pt_main_th: config: Domain/Internal/NackDelay/#text: 100 ms {}
1771927582.764788 [0] pt_main_th: config: Domain/Internal/AckDelay/#text: 10 ms {}
1771927582.764789 [0] pt_main_th: config: Domain/Internal/AutoReschedNackDelay/#text: 3 s {}
1771927582.764790 [0] pt_main_th: config: Domain/Internal/PreEmptiveAckDelay/#text: 10 ms {}
1771927582.764791 [0] pt_main_th: config: Domain/Internal/ScheduleTimeRounding/#text: 0 s {}
1771927582.764792 [0] pt_main_th: config: Domain/Internal/DDSI2DirectMaxThreads/#text: 1 {}
1771927582.764793 [0] pt_main_th: config: Domain/Internal/SquashParticipants/#text: false {}
1771927582.764794 [0] pt_main_th: config: Domain/Internal/SPDPResponseMaxDelay/#text: 0 s {}
1771927582.764795 [0] pt_main_th: config: Domain/Internal/LateAckMode/#text: false {}
1771927582.764796 [0] pt_main_th: config: Domain/Internal/RetryOnRejectBestEffort/#text: false {}
1771927582.764797 [0] pt_main_th: config: Domain/Internal/GenerateKeyhash/#text: false {}
1771927582.764799 [0] pt_main_th: config: Domain/Internal/MaxSampleSize/#text: 2147483647 B {}
1771927582.764802 [0] pt_main_th: config: Domain/Internal/WriteBatch/#text: false {}
1771927582.764803 [0] pt_main_th: config: Domain/Internal/LivelinessMonitoring/#text: false {}
1771927582.764804 [0] pt_main_th: config: Domain/Internal/LivelinessMonitoring[@StackTraces]: true {}
1771927582.764805 [0] pt_main_th: config: Domain/Internal/LivelinessMonitoring[@Interval]: 1 s {}
1771927582.764807 [0] pt_main_th: config: Domain/Internal/MonitorPort/#text: -1 {}
1771927582.764808 [0] pt_main_th: config: Domain/Internal/PrioritizeRetransmit/#text: true {}
1771927582.764809 [0] pt_main_th: config: Domain/Internal/UseMulticastIfMreqn/#text: 0 {}
1771927582.764810 [0] pt_main_th: config: Domain/Internal/RediscoveryBlacklistDuration/#text: 0 s {}
1771927582.764811 [0] pt_main_th: config: Domain/Internal/RediscoveryBlacklistDuration[@enforce]: false {}
1771927582.764812 [0] pt_main_th: config: Domain/Internal/MultipleReceiveThreads/#text: default {}
1771927582.764814 [0] pt_main_th: config: Domain/Internal/MultipleReceiveThreads[@maxretries]: 4294967295 {}
1771927582.764816 [0] pt_main_th: config: Domain/Internal/Test/XmitLossiness/#text: 0 {}
1771927582.764817 [0] pt_main_th: config: Domain/Internal/Watermarks/WhcLow/#text: 1 KiB {}
1771927582.764818 [0] pt_main_th: config: Domain/Internal/Watermarks/WhcHigh/#text: 500 KiB {}
1771927582.764820 [0] pt_main_th: config: Domain/Internal/Watermarks/WhcHighInit/#text: 30 KiB {}
1771927582.764821 [0] pt_main_th: config: Domain/Internal/Watermarks/WhcAdaptive/#text: true {}
1771927582.764823 [0] pt_main_th: config: Domain/Internal/BurstSize/MaxRexmit/#text: 1 MiB {}
1771927582.764824 [0] pt_main_th: config: Domain/Internal/BurstSize/MaxInitTransmit/#text: 4294967295 {}
1771927582.764825 [0] pt_main_th: config: Domain/Internal/EnableExpensiveChecks/#text:  [ignored] {}
1771927582.764826 [0] pt_main_th: config: Domain/TCP/NoDelay/#text: true {}
1771927582.764827 [0] pt_main_th: config: Domain/TCP/Port/#text: -1 {}
1771927582.764828 [0] pt_main_th: config: Domain/TCP/ReadTimeout/#text: 2 s {}
1771927582.764830 [0] pt_main_th: config: Domain/TCP/WriteTimeout/#text: 2 s {}
1771927582.764831 [0] pt_main_th: config: Domain/TCP/AlwaysUsePeeraddrForUnicast/#text: false {}
1771927582.764832 [0] pt_main_th: config: Domain[@Id]: 0 {0}
1771927582.764846 [0] pt_main_th: started at 1771927582.06764835 -- 2026-02-24 11:06:22+01:00
1771927582.764847 [0] pt_main_th: udp initialized
1771927582.765115 [0] pt_main_th: interfaces: lo udp/127.0.0.1(q1) enx9c69d31ecd9b udp/192.168.123.222(q9) wlp8s0 wireless udp/10.10.0.139(q9) tailscale0 udp/100.89.88.113(q9) docker0 udp/172.17.0.1(q9) enp7s0 udp/10.10.0.46(q9)
1771927582.765124 [0] pt_main_th: selected interfaces: enx9c69d31ecd9b (index 2 priority 0)
1771927582.765125 [0] pt_main_th: presumed robust multicast support, use for everything
1771927582.765135 [0] pt_main_th: ownip: udp/192.168.123.222
1771927582.765136 [0] pt_main_th: extmask: invalid/0 (not applicable)
1771927582.765137 [0] pt_main_th: SPDP MC: udp/239.255.0.1
1771927582.765138 [0] pt_main_th: default MC: udp/239.255.0.1
1771927582.765139 [0] pt_main_th: SSM support included
1771927582.765191 [0] pt_main_th: failed to increase socket receive buffer size to 1048576 bytes, continuing with 425984 bytes
1771927582.765198 [0] pt_main_th: rtps_init: uc ports: disc 0 data 0
1771927582.765199 [0] pt_main_th: rtps_init: domainid 0 participantid -2
1771927582.765200 [0] pt_main_th: Unicast Ports: discovery 49645 data 49645
1771927582.765205 [0] pt_main_th: failed to increase socket receive buffer size to 1048576 bytes, continuing with 425984 bytes
1771927582.765209 [0] pt_main_th: failed to increase socket receive buffer size to 1048576 bytes, continuing with 425984 bytes
1771927582.765211 [0] pt_main_th: Multicast Ports: discovery 7400 data 7401 
1771927582.765213 [0] pt_main_th: failed to increase socket receive buffer size to 1048576 bytes, continuing with 425984 bytes
1771927582.765219 [0] pt_main_th: interface enx9c69d31ecd9b: transmit port 62978
